// Jest Snapshot v1, https://goo.gl/fbAQLP

exports[`CardTypes Component Cards Component renders correctly 1`] = `<RCTSafeAreaView />`;
