// Jest Snapshot v1, https://goo.gl/fbAQLP

exports[`Cards Component Cards Component renders correctly 1`] = `
<RCTSafeAreaView>
  <RCTScrollView
    ListEmptyComponent={[Function]}
    data={[]}
    getItem={[Function]}
    getItemCount={[Function]}
    keyExtractor={[Function]}
    onContentSizeChange={[Function]}
    onLayout={[Function]}
    onMomentumScrollBegin={[Function]}
    onMomentumScrollEnd={[Function]}
    onScroll={[Function]}
    onScrollBeginDrag={[Function]}
    onScrollEndDrag={[Function]}
    removeClippedSubviews={false}
    renderItem={[Function]}
    scrollEventThrottle={0.0001}
    stickyHeaderIndices={[]}
    viewabilityConfigCallbackPairs={[]}
  >
    <View>
      <Text>
        No cards available
      </Text>
    </View>
  </RCTScrollView>
</RCTSafeAreaView>
`;
